2026-08-13 02:03:12.508: [INFO] CurrentProfilePath: C:\Users\HP\Desktop\Programacion-David\JAVA\Clases\.metadata\.plugins\org.eclipse.swt\EBWebView\Default
2026-08-13 02:03:12.508: [INFO] Profiles total count: 1
2026-08-13 02:03:12.510: [INFO] Profile: name=Perfil 1 path=C:\Users\HP\Desktop\Programacion-David\JAVA\Clases\.metadata\.plugins\org.eclipse.swt\EBWebView\Default lastActive=2026-08-13T02:02:49.159Z
2026-08-13 02:03:12.510: [INFO] LastUsedProfileDir: C:\Users\HP\Desktop\Programacion-David\JAVA\Clases\.metadata\.plugins\org.eclipse.swt\EBWebView\Default
2026-08-13 02:03:12.510: [INFO] MostRecentlyActiveProfile: name=Perfil 1 path=C:\Users\HP\Desktop\Programacion-David\JAVA\Clases\.metadata\.plugins\org.eclipse.swt\EBWebView\Default lastActive=2026-08-13T02:02:49.159Z
2026-08-13 02:03:12.510: [INFO] OnDoneLoading sync enabled: 0
2026-08-13 02:03:12.510: [INFO] BookmarkModelLoaded, ids_reassigned: 0
2026-08-13 02:03:12.510: [INFO] BookmarksLoadDropped droppedNodes=0
2026-08-13 02:03:12.510: [INFO] BookmarksSnapshot Startup total=0 bar=0 other=0 mobile=0 showBar=0 showBarNTP=1
2026-08-13 02:03:26.272: [INFO] BookmarksSnapshot Shutdown total=0 bar=0 other=0 mobile=0 showBar=0 showBarNTP=1
2026-08-13 02:12:51.120: [INFO] CurrentProfilePath: C:\Users\HP\Desktop\Programacion-David\JAVA\Clases\.metadata\.plugins\org.eclipse.swt\EBWebView\Default
2026-08-13 02:12:51.120: [INFO] Profiles total count: 1
2026-08-13 02:12:51.121: [INFO] Profile: name=Perfil 1 path=C:\Users\HP\Desktop\Programacion-David\JAVA\Clases\.metadata\.plugins\org.eclipse.swt\EBWebView\Default lastActive=2026-08-13T02:03:25.060Z
2026-08-13 02:12:51.121: [INFO] LastUsedProfileDir: C:\Users\HP\Desktop\Programacion-David\JAVA\Clases\.metadata\.plugins\org.eclipse.swt\EBWebView\Default
2026-08-13 02:12:51.121: [INFO] MostRecentlyActiveProfile: name=Perfil 1 path=C:\Users\HP\Desktop\Programacion-David\JAVA\Clases\.metadata\.plugins\org.eclipse.swt\EBWebView\Default lastActive=2026-08-13T02:03:25.060Z
2026-08-13 02:12:51.121: [INFO] OnDoneLoading sync enabled: 0
2026-08-13 02:12:51.121: [INFO] BookmarkModelLoaded, ids_reassigned: 0
2026-08-13 02:12:51.121: [INFO] BookmarksLoadDropped droppedNodes=0
2026-08-13 02:12:51.121: [INFO] BookmarksSnapshot Startup total=0 bar=0 other=0 mobile=0 showBar=0 showBarNTP=1
2026-08-13 02:14:36.208: [INFO] BookmarksSnapshot Shutdown total=0 bar=0 other=0 mobile=0 showBar=0 showBarNTP=1
